---
source: crates/fastclaw-cli/src/tui/mod.rs
expression: terminal.backend().to_string()
---
"┌──────────────────────────────────────────────────────────┐────────────────────"
"│ /help         Show help and available commands           │                    "
"└──────────────────────────────────────────────────────────┘                    "
"                                                                                "
"                                                                                "
