---
source: crates/fastclaw-cli/src/tui/mod.rs
expression: terminal.backend().to_string()
---
" ❯  10:00:00                                                                    "
"   Hello                                                                        "
"                                                                                "
"  ⎿ Hi there! How can I help?                                                   "
"                                                                                "
"    Session started                                                             "
"                                                                                "
"                                                                                "
"                                                                                "
"                                                                                "
"                                                                                "
"                                                                                "
